// Jest Snapshot v1, https://goo.gl/fbAQLP

exports[`<Main /> should render correctly 1`] = `
<Memo(StoreCombiner)
  stores={
    Array [
      [Function],
      [Function],
      [Function],
    ]
  }
>
  <BrowserRouter>
    <App />
  </BrowserRouter>
</Memo(StoreCombiner)>
`;
